# frozen_string_literal: true
# This file is expanded by nanacl.

main = -> do # =================================================================
# frozen_string_literal: true

# require "lib" # (expanded: L25)

hello_world

end # --------------------------------------------------------------------------

# === dependencies -------------------------------------------------------------
# == lib2 from lib -------------------------------------------------------------
# frozen_string_literal: true

def hello
  "Hello"
end

def world
  "world"
end

# == lib from main -------------------------------------------------------------
# frozen_string_literal: true
# require "lib2" # (expanded: L14)

def hello_world
  puts "#{hello} #{world}"
end


# ==============================================================================

main.call
